..\libraries\ArduTouch\ArduTouch.h
..\libraries\ArduTouch\Audio.h
..\libraries\ArduTouch\Bank.h
..\libraries\ArduTouch\Bank.cpp
..\libraries\ArduTouch\ByteMenu.h
..\libraries\ArduTouch\ClickTrack.h
..\libraries\ArduTouch\ClickTrack.cpp
..\libraries\ArduTouch\Commands.h
..\libraries\ArduTouch\Console_.h
..\libraries\ArduTouch\Console.cpp
..\libraries\ArduTouch\Control.h
..\libraries\ArduTouch\Control.cpp
..\libraries\ArduTouch\Drums.h
..\libraries\ArduTouch\Drums.cpp
..\libraries\ArduTouch\DualOsc.h
..\libraries\ArduTouch\DualOsc.cpp
..\libraries\ArduTouch\Envelope.h
..\libraries\ArduTouch\Envelope.cpp
..\libraries\ArduTouch\Instrument.h
..\libraries\ArduTouch\Instrument.cpp
..\libraries\ArduTouch\KeyBrd.h
..\libraries\ArduTouch\KeyBrd.cpp
..\libraries\ArduTouch\LFO.h
..\libraries\ArduTouch\LFO.cpp
..\libraries\ArduTouch\Mode.h
..\libraries\ArduTouch\Mode.cpp
..\libraries\ArduTouch\Model.h
..\libraries\ArduTouch\NoiseOsc.h
..\libraries\ArduTouch\NoiseOsc.cpp
..\libraries\ArduTouch\Onboard.h
..\libraries\ArduTouch\Onboard.cpp
..\libraries\ArduTouch\Osc.h
..\libraries\ArduTouch\Osc.cpp
..\libraries\ArduTouch\Pan.h
..\libraries\ArduTouch\Pan.cpp
..\libraries\ArduTouch\Phonic.h
..\libraries\ArduTouch\Phonic.cpp
..\libraries\ArduTouch\QuadSynth.h
..\libraries\ArduTouch\QuadSynth.cpp
..\libraries\ArduTouch\QuantumOsc.h
..\libraries\ArduTouch\QuantumOsc.cpp
..\libraries\ArduTouch\Sequencer.h
..\libraries\ArduTouch\Sequencer.cpp
..\libraries\ArduTouch\StdEffects.h
..\libraries\ArduTouch\StdEffects.cpp
..\libraries\ArduTouch\Synth.h
..\libraries\ArduTouch\Synth.cpp
..\libraries\ArduTouch\System.h
..\libraries\ArduTouch\System.cpp
..\libraries\ArduTouch\Tremolo.h
..\libraries\ArduTouch\Tuning.h
..\libraries\ArduTouch\Tuning.cpp
..\libraries\ArduTouch\types.h
..\libraries\ArduTouch\Vibrato.h
..\libraries\ArduTouch\Vibrato.cpp
..\libraries\ArduTouch\VirtualPot.h
..\libraries\ArduTouch\VirtualPot.cpp
..\libraries\ArduTouch\Voice.h
..\libraries\ArduTouch\Voice.cpp
..\libraries\ArduTouch\WaveBank.h
..\libraries\ArduTouch\WaveBank.cpp
..\libraries\ArduTouch\WaveGen.h
..\libraries\ArduTouch\WaveGen.cpp
..\libraries\ArduTouch\WaveOsc.h
..\libraries\ArduTouch\WaveOsc.cpp
..\libraries\ArduTouch\WaveTable.h
