arpology.ino      
..\libraries\ArduTouch\Audio.h
..\libraries\ArduTouch\Bank.h
..\libraries\ArduTouch\Bank.cpp
..\libraries\ArduTouch\Control.h
..\libraries\ArduTouch\Control.cpp
..\libraries\ArduTouch\ConKeyBrd.h
..\libraries\ArduTouch\ConKeyBrd.cpp
..\libraries\ArduTouch\Console_.h
..\libraries\ArduTouch\Console.cpp
..\libraries\ArduTouch\Effect.h
..\libraries\ArduTouch\Effect.cpp
..\libraries\ArduTouch\Envelope.h
..\libraries\ArduTouch\Envelope.cpp
..\libraries\ArduTouch\LFO.h
..\libraries\ArduTouch\LFO.cpp
..\libraries\ArduTouch\Mode.h
..\libraries\ArduTouch\Mode.cpp
..\libraries\ArduTouch\Model.h
..\libraries\ArduTouch\Onboard.h
..\libraries\ArduTouch\Osc.h
..\libraries\ArduTouch\Osc.cpp
..\libraries\ArduTouch\Phonic.h
..\libraries\ArduTouch\Phonic.cpp
..\libraries\ArduTouch\Scroller.h
..\libraries\ArduTouch\Scroller.cpp
..\libraries\ArduTouch\StdEffects.h
..\libraries\ArduTouch\StdEffects.cpp
..\libraries\ArduTouch\StepSqnc.h
..\libraries\ArduTouch\StepSqnc.cpp
..\libraries\ArduTouch\Synth.h
..\libraries\ArduTouch\Synth.cpp
..\libraries\ArduTouch\System.h
..\libraries\ArduTouch\System.cpp
..\libraries\ArduTouch\Tuning.h
..\libraries\ArduTouch\Tuning.cpp
..\libraries\ArduTouch\types.h
..\libraries\ArduTouch\Voice.h
..\libraries\ArduTouch\Voice.cpp
..\libraries\ArduTouch\WaveBank.h
..\libraries\ArduTouch\WaveBank.cpp
..\libraries\ArduTouch\WaveOsc.h
..\libraries\ArduTouch\WaveOsc.cpp
..\libraries\ArduTouch\WaveTable.h
